data/history/5873954476.csv
time,date,itemid,price,discount,price_before_discount,stock,sold,item_status,cmt_count,liked_count
1638027706,20211127,5873954476,2659000000000,8%,2899000000000,26,221,normal,630,4278
1638114106,20211128,5873954476,2696070000000,7%,2899000000000,26,221,normal,630,4279
1638207599,20211130,5873954476,2659000000000,8%,2899000000000,26,221,normal,630,4278
1638210338,20211129,5873954476,2659000000000,8%,2899000000000,26,221,normal,630,4279
1638213274,20211129,5873954476,2659000000000,8%,2899000000000,26,221,normal,630,4280
1638220530,20211129,5873954476,2659000000000,8%,2899000000000,26,221,normal,630,4281
1638237224,20211130,5873954476,2659000000000,8%,2899000000000,25,221,normal,630,4282
1638238827,20211130,5873954476,2659000000000,8%,2899000000000,25,221,normal,630,4284
1638242119,20211130,5873954476,2659000000000,8%,2899000000000,25,221,normal,630,4286
1638245972,20211130,5873954476,2659000000000,8%,2899000000000,25,221,normal,631,4288
1638253056,20211130,5873954476,2659000000000,8%,2899000000000,51,221,normal,631,4290
1638256456,20211130,5873954476,2659000000000,8%,2899000000000,51,221,normal,631,4292
1638260286,20211130,5873954476,2659000000000,8%,2899000000000,53,221,normal,632,4292
1638263706,20211130,5873954476,2659000000000,8%,2899000000000,55,221,normal,632,4293
1638267432,20211130,5873954476,2659000000000,8%,2899000000000,55,221,normal,632,4295
1638273449,20211130,5873954476,2659000000000,8%,2899000000000,55,221,normal,633,4296
1638282772,20211130,5873954476,2659000000000,8%,2899000000000,55,221,normal,633,4297
1638284769,20211130,5873954476,2659000000000,8%,2899000000000,55,221,normal,633,4298
1638287237,20211130,5873954476,2659000000000,8%,2899000000000,55,221,normal,633,4299
1638287407,20211130,5873954476,2659000000000,8%,2899000000000,55,221,normal,633,4299
1638287455,20211130,5873954476,2659000000000,8%,2899000000000,55,221,normal,633,4299
1638288692,20211130,5873954476,2659000000000,8%,2899000000000,55,221,normal,633,4299
1638289220,20211130,5873954476,2659000000000,8%,2899000000000,55,221,normal,633,4299
1638289609,20211130,5873954476,2659000000000,8%,2899000000000,55,221,normal,633,4299
1638291404,20211130,5873954476,2659000000000,8%,2899000000000,55,221,normal,633,4300
1638292828,20211130,5873954476,2659000000000,8%,2899000000000,55,221,normal,633,4300
1638294050,20211130,5873954476,2659000000000,8%,2899000000000,55,221,normal,633,4300
1638294195,20211130,5873954476,2659000000000,8%,2899000000000,55,221,normal,633,4300
1638295833,20211130,5873954476,2659000000000,8%,2899000000000,55,221,normal,633,4300
1638297632,20211130,5873954476,2659000000000,8%,2899000000000,55,221,normal,633,4300
1638299005,20211130,5873954476,2659000000000,8%,2899000000000,55,221,normal,633,4300
1638300699,20211130,5873954476,2659000000000,8%,2899000000000,55,221,normal,633,4300
1638302697,20211130,5873954476,2659000000000,8%,2899000000000,55,221,normal,633,4300
1638304541,20211130,5873954476,2659000000000,8%,2899000000000,55,221,normal,633,4300
1638306199,20211130,5873954476,2659000000000,8%,2899000000000,55,221,normal,633,4299
1638308016,20211130,5873954476,2659000000000,8%,2899000000000,55,221,normal,633,4299
1638309833,20211130,5873954476,2659000000000,8%,2899000000000,55,221,normal,633,4300
1638311782,20211130,5873954476,2659000000000,8%,2899000000000,55,221,normal,633,4300
1638313438,20211130,5873954476,2659000000000,8%,2899000000000,55,221,normal,633,4300
1638315299,20211130,5873954476,2659000000000,8%,2899000000000,55,221,normal,633,4300
1638318031,20211201,5873954476,2659000000000,8%,2899000000000,55,221,normal,633,4300
1638322685,20211201,5873954476,2659000000000,8%,2899000000000,55,221,normal,633,4301
1638325563,20211201,5873954476,2659000000000,8%,2899000000000,55,221,normal,633,4301
1638326997,20211201,5873954476,2659000000000,8%,2899000000000,55,221,normal,633,4301
1638328014,20211201,5873954476,2659000000000,8%,2899000000000,55,221,normal,633,4303
1638329789,20211201,5873954476,2659000000000,8%,2899000000000,55,221,normal,633,4303
1638331583,20211201,5873954476,2659000000000,8%,2899000000000,55,221,normal,633,4303
1638334016,20211201,5873954476,2659000000000,8%,2899000000000,54,221,normal,633,4303
1638335143,20211201,5873954476,2659000000000,8%,2899000000000,54,221,normal,633,4304
1638336783,20211201,5873954476,2659000000000,8%,2899000000000,54,221,normal,633,4304
1638338781,20211201,5873954476,2659000000000,8%,2899000000000,54,221,normal,633,4304
1638340958,20211201,5873954476,2659000000000,8%,2899000000000,54,221,normal,633,4304
1638342311,20211201,5873954476,2659000000000,8%,2899000000000,54,221,normal,633,4304
1638343894,20211201,5873954476,2659000000000,8%,2899000000000,54,221,normal,633,4304
1638346291,20211201,5873954476,2659000000000,8%,2899000000000,54,221,normal,635,4306
1638347992,20211201,5873954476,2659000000000,8%,2899000000000,54,221,normal,635,4306
1638349774,20211201,5873954476,2659000000000,8%,2899000000000,54,221,normal,635,4306
1638351694,20211201,5873954476,2659000000000,8%,2899000000000,54,221,normal,635,4306
1638353370,20211201,5873954476,2659000000000,8%,2899000000000,56,221,normal,635,4306
1638356854,20211201,5873954476,2659000000000,8%,2899000000000,54,221,normal,635,4306
1638363249,20211201,5873954476,2659000000000,8%,2899000000000,54,221,normal,635,4305
1638364456,20211201,5873954476,2659000000000,8%,2899000000000,53,221,normal,635,4305
1638365899,20211201,5873954476,2659000000000,8%,2899000000000,53,221,normal,635,4304
1638373143,20211201,5873954476,2659000000000,8%,2899000000000,53,221,normal,635,4305
1638385622,20211201,5873954476,2659000000000,8%,2899000000000,53,221,normal,635,4306
1638389353,20211201,5873954476,2659000000000,8%,2899000000000,52,211,normal,635,4306
1638404342,20211202,5873954476,2659000000000,8%,2899000000000,52,211,normal,635,4306
1638408831,20211202,5873954476,2659000000000,8%,2899000000000,52,211,normal,635,4307
1638413281,20211202,5873954476,2659000000000,8%,2899000000000,52,211,normal,635,4308
1638414283,20211202,5873954476,2659000000000,8%,2899000000000,52,211,normal,635,4309
1638421460,20211202,5873954476,2659000000000,8%,2899000000000,52,211,normal,635,4308
1638427342,20211202,5873954476,2659000000000,8%,2899000000000,52,211,normal,635,4310
1638428685,20211202,5873954476,2659000000000,8%,2899000000000,52,211,normal,636,4311
1638430391,20211202,5873954476,2659000000000,8%,2899000000000,51,211,normal,636,4311
1638435851,20211202,5873954476,2659000000000,8%,2899000000000,52,211,normal,636,4312
1638437796,20211202,5873954476,2659000000000,8%,2899000000000,52,211,normal,636,4313
1638441580,20211202,5873954476,2659000000000,8%,2899000000000,55,211,normal,636,4314
1638443043,20211202,5873954476,2659000000000,8%,2899000000000,55,211,normal,637,4314
1638444678,20211202,5873954476,2659000000000,8%,2899000000000,55,211,normal,637,4315
1638450781,20211202,5873954476,2659000000000,8%,2899000000000,55,211,normal,637,4316
1638455587,20211202,5873954476,2659000000000,8%,2899000000000,54,211,normal,637,4316
1638457465,20211202,5873954476,2659000000000,8%,2899000000000,54,211,normal,637,4317
1638461317,20211202,5873954476,2659000000000,8%,2899000000000,54,211,normal,637,4316
1638465436,20211202,5873954476,2899000000000,,0,54,211,normal,637,4317
1638466792,20211202,5873954476,2899000000000,,0,54,211,normal,637,4318
1638468522,20211202,5873954476,2899000000000,,0,54,211,normal,637,4318
1638470477,20211202,5873954476,2899000000000,,0,54,211,normal,637,4318
1638471783,20211202,5873954476,2899000000000,,0,54,211,normal,637,4318
1638473499,20211202,5873954476,2899000000000,,0,54,211,normal,637,4318
1638475558,20211202,5873954476,2899000000000,,0,54,211,normal,638,4318
1638477325,20211202,5873954476,2899000000000,,0,54,211,normal,638,4318
1638478994,20211202,5873954476,2899000000000,,0,54,211,normal,638,4318
1638480724,20211202,5873954476,2899000000000,,0,54,211,normal,638,4318
1638482613,20211202,5873954476,2899000000000,,0,54,211,normal,638,4318
1638484575,20211202,5873954476,2899000000000,,0,54,211,normal,638,4318
1638486219,20211202,5873954476,2899000000000,,0,54,211,normal,638,4318
1638488096,20211202,5873954476,2899000000000,,0,54,211,normal,638,4318
1638490737,20211203,5873954476,2899000000000,,0,54,211,normal,638,4318
1638495200,20211203,5873954476,2899000000000,,0,54,211,normal,638,4318
1638498091,20211203,5873954476,2899000000000,,0,54,211,normal,639,4318
1638499667,20211203,5873954476,2899000000000,,0,54,211,normal,639,4318
1638500702,20211203,5873954476,2899000000000,,0,54,211,normal,639,4318
1638502581,20211203,5873954476,2899000000000,,0,55,211,normal,639,4318
1638504376,20211203,5873954476,2899000000000,,0,56,211,normal,639,4318
1638506783,20211203,5873954476,2899000000000,,0,56,211,normal,640,4318
1638507907,20211203,5873954476,2899000000000,,0,56,211,normal,640,4318
1638509555,20211203,5873954476,2899000000000,,0,56,211,normal,640,4318
1638511584,20211203,5873954476,2899000000000,,0,56,211,normal,640,4318
1638513742,20211203,5873954476,2899000000000,,0,56,211,normal,640,4318
1638515086,20211203,5873954476,2899000000000,,0,56,211,normal,640,4318
1638516794,20211203,5873954476,2899000000000,,0,56,211,normal,640,4318
1638518832,20211203,5873954476,2899000000000,,0,56,211,normal,640,4317
1638520797,20211203,5873954476,2899000000000,,0,71,211,normal,640,4317
1638522270,20211203,5873954476,2899000000000,,0,71,211,normal,640,4317
1638524182,20211203,5873954476,2899000000000,,0,71,211,normal,640,4317
1638525957,20211203,5873954476,2899000000000,,0,71,211,normal,640,4317
1638527888,20211203,5873954476,2899000000000,,0,71,211,normal,640,4317
1638529374,20211203,5873954476,2899000000000,,0,71,211,normal,640,4317
1638531078,20211203,5873954476,2899000000000,,0,71,211,normal,640,4317
1638533282,20211203,5873954476,2899000000000,,0,71,211,normal,640,4317
1638535985,20211203,5873954476,2899000000000,,0,71,211,normal,640,4317
1638537210,20211203,5873954476,2899000000000,,0,71,211,normal,640,4316
1638538629,20211203,5873954476,2899000000000,,0,71,211,normal,640,4316
1638540374,20211203,5873954476,2899000000000,,0,71,211,normal,640,4316
1638541986,20211203,5873954476,2899000000000,,0,71,211,normal,640,4316
1638543866,20211203,5873954476,2899000000000,,0,71,211,normal,640,4316
1638545907,20211203,5873954476,2899000000000,,0,71,211,normal,640,4315
1638547617,20211203,5873954476,2899000000000,,0,71,211,normal,640,4315
1638550635,20211203,5873954476,2899000000000,,0,71,211,normal,640,4316
1638551827,20211203,5873954476,2899000000000,,0,71,211,normal,640,4316
1638553282,20211203,5873954476,2899000000000,,0,71,211,normal,640,4316
1638554761,20211203,5873954476,2899000000000,,0,71,211,normal,640,4316
1638556843,20211203,5873954476,2899000000000,,0,71,211,normal,640,4316
1638558179,20211203,5873954476,2899000000000,,0,71,211,normal,640,4316
1638559894,20211203,5873954476,2899000000000,,0,71,211,normal,640,4316
1638561860,20211203,5873954476,2899000000000,,0,71,208,normal,640,4316
1638563743,20211203,5873954476,2899000000000,,0,71,208,normal,640,4316
1638565366,20211203,5873954476,2899000000000,,0,71,208,normal,640,4316
1638567203,20211203,5873954476,2899000000000,,0,71,208,normal,640,4316
1638569005,20211203,5873954476,2899000000000,,0,71,208,normal,640,4316
1638570962,20211203,5873954476,2899000000000,,0,71,208,normal,640,4316
1638572639,20211203,5873954476,2899000000000,,0,71,208,normal,640,4316
1638574486,20211203,5873954476,2899000000000,,0,71,208,normal,640,4316
1638577146,20211204,5873954476,2899000000000,,0,71,208,normal,640,4316
1638581564,20211204,5873954476,2899000000000,,0,71,208,normal,640,4317
1638584623,20211204,5873954476,2899000000000,,0,75,208,normal,640,4317
1638586156,20211204,5873954476,2899000000000,,0,77,208,normal,640,4317
1638587028,20211204,5873954476,2899000000000,,0,77,208,normal,640,4317
1638588970,20211204,5873954476,2899000000000,,0,77,208,normal,640,4317
1638590780,20211204,5873954476,2899000000000,,0,77,208,normal,640,4317
1638593214,20211204,5873954476,2899000000000,,0,77,208,normal,640,4318
1638594370,20211204,5873954476,2899000000000,,0,77,208,normal,640,4318
1638595969,20211204,5873954476,2899000000000,,0,77,208,normal,640,4318
1638598007,20211204,5873954476,2899000000000,,0,77,208,normal,640,4319
1638600147,20211204,5873954476,2899000000000,,0,77,208,normal,640,4319
1638601477,20211204,5873954476,2899000000000,,0,77,208,normal,640,4319
1638603191,20211204,5873954476,2899000000000,,0,79,208,normal,640,4319
1638605175,20211204,5873954476,2899000000000,,0,79,208,normal,640,4319
1638607237,20211204,5873954476,2899000000000,,0,79,208,normal,640,4319
1638608738,20211204,5873954476,2899000000000,,0,79,208,normal,640,4319
1638610596,20211204,5873954476,2899000000000,,0,79,208,normal,640,4319
1638612244,20211204,5873954476,2899000000000,,0,79,208,normal,640,4319
1638614260,20211204,5873954476,2899000000000,,0,79,208,normal,640,4319
1638615811,20211204,5873954476,2899000000000,,0,80,208,normal,640,4319
1638617477,20211204,5873954476,2899000000000,,0,80,208,normal,640,4320
1638619650,20211204,5873954476,2899000000000,,0,80,208,normal,640,4320
1638622417,20211204,5873954476,2899000000000,,0,80,208,normal,640,4320
1638623639,20211204,5873954476,2899000000000,,0,80,208,normal,640,4320
1638625103,20211204,5873954476,2899000000000,,0,80,208,normal,640,4320
1638626593,20211204,5873954476,2899000000000,,0,80,208,normal,640,4320
1638628360,20211204,5873954476,2899000000000,,0,80,208,normal,640,4319
1638630214,20211204,5873954476,2899000000000,,0,80,208,normal,640,4319
1638632348,20211204,5873954476,2899000000000,,0,80,208,normal,640,4319
1638633979,20211204,5873954476,2899000000000,,0,80,208,normal,640,4319
1638637020,20211204,5873954476,2899000000000,,0,80,208,normal,640,4318
1638638177,20211204,5873954476,2899000000000,,0,80,208,normal,640,4318
1638639667,20211204,5873954476,2899000000000,,0,80,208,normal,640,4318
1638641148,20211204,5873954476,2899000000000,,0,80,208,normal,640,4318
